Microchip MPLAB XC8 Compiler V2.36

Linker command line:

-W-3 --edf=D:\MPLAB\pic\dat\en_msgs.txt -cn \
  -h+dist/default/production\pwm.X.production.sym \
  --cmf=dist/default/production\pwm.X.production.cmf -z -Q18F4520 \
  -oC:\Users\vitor\AppData\Local\Temp\xcAs6mg.4 --defsym=__MPLAB_BUILD=1 \
  -Mdist/default/production/pwm.X.production.map \
  --md=C:\Users\vitor\AppData\Local\Temp\xcAs6mg.dat -E1 -ver=XC8 Compiler \
  --acfsm=1493 -ACODE=00h-06FFFh -ACONST=00h-06FFFh \
  -ASMALLCONST=0600h-06FFhx106 -AMEDIUMCONST=0600h-06FFFh -ACOMRAM=01h-07Fh \
  -AABS1=00h-05FFh -ABIGRAM=01h-05FFh -ARAM=080h-0FFh,0100h-01FFhx5 \
  -ABANK0=080h-0FFh -ABANK1=0100h-01FFh -ABANK2=0200h-02FFh \
  -ABANK3=0300h-03FFh -ABANK4=0400h-04FFh -ABANK5=0500h-05FFh \
  -ASFR=0F80h-0FFFh -ABIGSFR=0F80h-0FFFh -ACONFIG=0300000h-030000Dh \
  -AIDLOC=0200000h-0200007h -AEEDATA=0F00000h-0F000FFh -peeprom_data=EEDATA \
  -preset_vec=00h,intcode=08h,intcodelo,powerup,init -pramtop=0600h \
  -psmallconst=SMALLCONST -pmediumconst=MEDIUMCONST -pconst=CONST \
  -AFARRAM=00h-00h \
  -prdata=COMRAM,nvrram=COMRAM,nvbit=COMRAM,rbss=COMRAM,rbit=COMRAM \
  -pfarbss=FARRAM,fardata=FARRAM,nvFARRAM=FARRAM \
  -pintsave_regs=BIGRAM,bigbss=BIGRAM,bigdata=BIGRAM -pbss=RAM \
  -pidata=CODE,irdata=CODE,ibigdata=CODE,ifardata=CODE -prparam=COMRAM \
  C:\Users\vitor\AppData\Local\Temp\xcAs6mg.o \
  dist/default/production\pwm.X.production.o 

Object code version is 3.11

Machine type is 18F4520



                Name                               Link     Load   Length Selector   Space Scale
C:\Users\vitor\AppData\Local\Temp\xcAs6mg.o
                idloc                            200000   200000        8        0       5
                config                           300000   300000        E        0       4
                init                                  E        E        4        4       0
                reset_vec                             0        0        4        0       0
dist/default/production\pwm.X.production.o
                intcode                               8        8        6        4       0
                idloc                            200000   200000        8        0       5
                config                           300000   300000        E        0       4
                temp                                 76       76        1        1       1
                smallconst                          600      600        8      300       0
                text39                             1D20     1D20       84      304       0
                text38                             1DA4     1DA4       70      304       0
                text37                             218C     218C       26      304       0
                text36                             18EE     18EE       E0      304       0
                text35                             2202     2202        C      304       0
                text34                             1FC8     1FC8       40      304       0
                text33                             12DA     12DA      148      304       0
                text32                             17CA     17CA      124      304       0
                text31                             20DC     20DC       32      304       0
                text30                             2210     2210        2      304       0
                text29                             1BE6     1BE6       A0      304       0
                text28                             2008     2008       38      304       0
                text27                             213C     213C       2A      304       0
                text26                             1C86     1C86       9A      304       0
                text25                              C4A      C4A      246      304       0
                text24                             1006     1006      16E      304       0
                text23                             1E14     1E14       50      304       0
                text22                             1F42     1F42       44      304       0
                text21                             20A8     20A8       34      304       0
                text20                             21D4     21D4       22      304       0
                intcode_body                        608      608      3E6      304       0
                text18                             19CE     19CE       CC      304       0
                text17                             16A0     16A0      12A      304       0
                text16                             21F6     21F6        C      304       0
                text15                             1F86     1F86       42      304       0
                text14                             1174     1174      166      304       0
                text13                             1566     1566      13A      304       0
                text12                             2074     2074       34      304       0
                text11                             220E     220E        2      304       0
                text10                             1B46     1B46       A0      304       0
                text9                              1EFC     1EFC       46      304       0
                text8                              210E     210E       2E      304       0
                text7                              1A9A     1A9A       AC      304       0
                text6                               9EE      9EE      25C      304       0
                text5                               E90      E90      176      304       0
                text4                              1E64     1E64       4E      304       0
                text3                              1EB2     1EB2       4A      304       0
                text2                              2040     2040       34      304       0
                text1                              21B2     21B2       22      304       0
                text0                              1422     1422      144      304       0
                cstackCOMRAM                          1        1       75        1       1
                cstackBANK0                          80       80       3A       80       1
                cstackBANK1                         100      100       65      100       1
                bssBANK1                            165      165       2A      100       1
                bssBANK0                             BA       BA       1A       80       1
                cinit                              2166     2166       26      304       0

TOTAL           Name                               Link     Load   Length     Space
        CLASS   CODE           
                intcode                               8        8        6         0
                init                                  E        E        4         0
                reset_vec                             0        0        4         0
                text39                             1D20     1D20       84         0
                text38                             1DA4     1DA4       70         0
                text37                             218C     218C       26         0
                text36                             18EE     18EE       E0         0
                text35                             2202     2202        C         0
                text34                             1FC8     1FC8       40         0
                text33                             12DA     12DA      148         0
                text32                             17CA     17CA      124         0
                text31                             20DC     20DC       32         0
                text30                             2210     2210        2         0
                text29                             1BE6     1BE6       A0         0
                text28                             2008     2008       38         0
                text27                             213C     213C       2A         0
                text26                             1C86     1C86       9A         0
                text25                              C4A      C4A      246         0
                text24                             1006     1006      16E         0
                text23                             1E14     1E14       50         0
                text22                             1F42     1F42       44         0
                text21                             20A8     20A8       34         0
                text20                             21D4     21D4       22         0
                intcode_body                        608      608      3E6         0
                text18                             19CE     19CE       CC         0
                text17                             16A0     16A0      12A         0
                text16                             21F6     21F6        C         0
                text15                             1F86     1F86       42         0
                text14                             1174     1174      166         0
                text13                             1566     1566      13A         0
                text12                             2074     2074       34         0
                text11                             220E     220E        2         0
                text10                             1B46     1B46       A0         0
                text9                              1EFC     1EFC       46         0
                text8                              210E     210E       2E         0
                text7                              1A9A     1A9A       AC         0
                text6                               9EE      9EE      25C         0
                text5                               E90      E90      176         0
                text4                              1E64     1E64       4E         0
                text3                              1EB2     1EB2       4A         0
                text2                              2040     2040       34         0
                text1                              21B2     21B2       22         0
                text0                              1422     1422      144         0
                cinit                              2166     2166       26         0

        CLASS   CONST          

        CLASS   SMALLCONST     
                smallconst                          600      600        8         0

        CLASS   MEDIUMCONST    

        CLASS   COMRAM         
                temp                                 76       76        1         1
                cstackCOMRAM                          1        1       75         1

        CLASS   ABS1           

        CLASS   BIGRAM         

        CLASS   RAM            

        CLASS   BANK0          
                cstackBANK0                          80       80       3A         1
                bssBANK0                             BA       BA       1A         1

        CLASS   BANK1          
                cstackBANK1                         100      100       65         1
                bssBANK1                            165      165       2A         1

        CLASS   BANK2          

        CLASS   BANK3          

        CLASS   BANK4          

        CLASS   BANK5          

        CLASS   SFR            

        CLASS   BIGSFR         

        CLASS   CONFIG         
                config                           300000   300000        E         4

        CLASS   IDLOC          
                idloc                            200000   200000        8         5

        CLASS   EEDATA         

        CLASS   FARRAM         

        CLASS   HEAP           

        CLASS   STACK          



SEGMENTS        Name                           Load    Length   Top    Selector   Space  Class

                reset_vec                      000000  000004  000004         0       0  CODE    
                cstackCOMRAM                   000001  000076  000077         1       1  COMRAM  
                intcode                        000008  00000A  000012         4       0  CODE    
                cstackBANK0                    000080  000054  0000D4        80       1  BANK0   
                cstackBANK1                    000100  00008F  00018F       100       1  BANK1   
                smallconst                     000600  000008  000608       300       0  SMALLCON
                intcode_body                   000608  001C0A  002212       304       0  CODE    


UNUSED ADDRESS RANGES

        Name                Unused          Largest block    Delta
        BANK0            0000D4-0000FF               2C
        BANK1            00018F-0001FF               71
        BANK2            000200-0002FF              100
        BANK3            000300-0003FF              100
        BANK4            000400-0004FF              100
        BANK5            000500-0005FF              100
        BIGRAM           000077-00007F                9
                         0000D4-0000FF               2C
                         00018F-0005FF              471
        BIGSFR           000F80-000FFF               80
        CODE             000004-000007                4
                         000012-0005FF              5EE
                         002212-006FFF             4DEE
        COMRAM           000077-00007F                9
        CONST            000004-000007                4
                         000012-0005FF              5EE
                         002212-006FFF             4DEE
        EEDATA           F00000-F000FF              100
        MEDIUMCONST      002212-006FFF             4DEE
        RAM              0000D4-0000FF               2C
                         00018F-0005FF              100
        SFR              000F80-000FFF               80
        SMALLCONST       002212-006FFF              100

                                  Symbol Table

?___aldiv                         cstackBANK0  0000AC
?___aodiv                         cstackBANK1  000100
?___aomod                         cstackBANK1  000100
?___awdiv                         cstackCOMRAM 000007
?___awmod                         cstackCOMRAM 000001
?___wmul                          cstackCOMRAM 000001
?_abs                             cstackBANK0  0000AE
?_dtoa                            cstackBANK1  000110
?_pad                             cstackBANK1  000103
?_sprintf                         cstackBANK1  00014A
?_strlen                          cstackBANK0  0000AC
?_vfpfcnvrt                       cstackBANK1  000134
?_vfprintf                        cstackBANK1  000144
?i2___aodiv                       cstackCOMRAM 000001
?i2___aomod                       cstackCOMRAM 000001
?i2_abs                           cstackCOMRAM 000013
?i2_dtoa                          cstackCOMRAM 00001C
?i2_pad                           cstackCOMRAM 000011
?i2_sprintf                       cstackCOMRAM 000056
?i2_strlen                        cstackCOMRAM 000001
?i2_vfpfcnvrt                     cstackCOMRAM 000040
?i2_vfprintf                      cstackCOMRAM 000050
UART_Init@baud_rate               cstackBANK1  000100
UART_Init@n                       cstackBANK1  000107
UART_Print@data                   cstackBANK0  0000AD
UART_Print@i                      cstackBANK0  0000AF
UART_PutC@data                    cstackBANK0  0000AC
_ADCON1                           (abs)        000FC1
_INTCON2bits                      (abs)        000FF1
_INTCON3bits                      (abs)        000FF0
_INTCONbits                       (abs)        000FF2
_PORTBbits                        (abs)        000F81
_PORTCbits                        (abs)        000F82
_PORTD                            (abs)        000F83
_RCIF                             (abs)        007CF5
_RCONbits                         (abs)        000FD0
_RCREG                            (abs)        000FAE
_RCSTA                            (abs)        000FAB
_SPBRG                            (abs)        000FAF
_T0CONbits                        (abs)        000FD5
_T1CON                            (abs)        000FCD
_T1CONbits                        (abs)        000FCD
_TMR0H                            (abs)        000FD7
_TMR0L                            (abs)        000FD6
_TMR1H                            (abs)        000FCF
_TMR1L                            (abs)        000FCE
_TMR1ON                           (abs)        007E68
_TRISB                            (abs)        000F93
_TRISC                            (abs)        000F94
_TRISD                            (abs)        000F95
_TRMT                             (abs)        007D61
_TXREG                            (abs)        000FAD
_TXSTA                            (abs)        000FAC
_UART_Init                        text17       0016A0
_UART_Print                       text15       001F86
_UART_PutC                        text16       0021F6
__HRAM                            (abs)        000000
__Habs1                           abs1         000000
__Hbank0                          bank0        000000
__Hbank1                          bank1        000000
__Hbank2                          bank2        000000
__Hbank3                          bank3        000000
__Hbank4                          bank4        000000
__Hbank5                          bank5        000000
__Hbigbss                         bigbss       000000
__Hbigdata                        bigdata      000000
__Hbigram                         bigram       000000
__Hbigsfr                         bigsfr       000000
__Hbss                            bss          000000
__HbssBANK0                       bssBANK0     000000
__HbssBANK1                       bssBANK1     000000
__Hcinit                          cinit        000000
__Hclrtext                        clrtext      000000
__Hcomram                         comram       000000
__Hconfig                         config       30000E
__Hconst                          const        000000
__HcstackBANK0                    cstackBANK0  000000
__HcstackBANK1                    cstackBANK1  000000
__HcstackCOMRAM                   cstackCOMRAM 000000
__Hdata                           data         000000
__Heeprom_data                    eeprom_data  000000
__Hfarbss                         farbss       000000
__Hfardata                        fardata      000000
__Hheap                           heap         000000
__Hibigdata                       ibigdata     000000
__Hidata                          idata        000000
__Hidloc                          idloc        200008
__Hifardata                       ifardata     000000
__Hinit                           init         000012
__Hintcode                        intcode      00000E
__Hintcode_body                   intcode_body 000000
__Hintcodelo                      intcodelo    00000E
__Hintentry                       intentry     000000
__Hintret                         intret       000000
__Hintsave_regs                   intsave_regs 000000
__Hirdata                         irdata       000000
__Hmediumconst                    mediumconst  000000
__HnvFARRAM                       nvFARRAM     000000
__Hnvbit                          nvbit        000000
__Hnvrram                         nvrram       000000
__Hparam                          rparam       000000
__Hpowerup                        powerup      00000E
__Hram                            ram          000000
__Hramtop                         ramtop       000600
__Hrbit                           rbit         000000
__Hrbss                           rbss         000000
__Hrdata                          rdata        000000
__Hreset_vec                      reset_vec    000004
__Hrparam                         rparam       000000
__Hsfr                            sfr          000000
__Hsmallconst                     smallconst   000608
__Hspace_0                        (abs)        002212
__Hspace_1                        (abs)        00018F
__Hspace_2                        (abs)        000000
__Hspace_4                        (abs)        60000E
__Hstack                          stack        000000
__Hstruct                         struct       000000
__Htemp                           temp         000077
__Htext                           text         000000
__Htext0                          text0        000000
__Htext1                          text1        000000
__Htext10                         text10       000000
__Htext11                         text11       000000
__Htext12                         text12       000000
__Htext13                         text13       000000
__Htext14                         text14       000000
__Htext15                         text15       000000
__Htext16                         text16       000000
__Htext17                         text17       000000
__Htext18                         text18       000000
__Htext2                          text2        000000
__Htext20                         text20       000000
__Htext21                         text21       000000
__Htext22                         text22       000000
__Htext23                         text23       000000
__Htext24                         text24       000000
__Htext25                         text25       000000
__Htext26                         text26       000000
__Htext27                         text27       000000
__Htext28                         text28       000000
__Htext29                         text29       000000
__Htext3                          text3        000000
__Htext30                         text30       000000
__Htext31                         text31       000000
__Htext32                         text32       000000
__Htext33                         text33       000000
__Htext34                         text34       000000
__Htext35                         text35       000000
__Htext36                         text36       000000
__Htext37                         text37       000000
__Htext38                         text38       000000
__Htext39                         text39       000000
__Htext4                          text4        000000
__Htext5                          text5        000000
__Htext6                          text6        000000
__Htext7                          text7        000000
__Htext8                          text8        000000
__Htext9                          text9        000000
__LRAM                            (abs)        000001
__Labs1                           abs1         000000
__Lbank0                          bank0        000000
__Lbank1                          bank1        000000
__Lbank2                          bank2        000000
__Lbank3                          bank3        000000
__Lbank4                          bank4        000000
__Lbank5                          bank5        000000
__Lbigbss                         bigbss       000000
__Lbigdata                        bigdata      000000
__Lbigram                         bigram       000000
__Lbigsfr                         bigsfr       000000
__Lbss                            bss          000000
__LbssBANK0                       bssBANK0     000000
__LbssBANK1                       bssBANK1     000000
__Lcinit                          cinit        000000
__Lclrtext                        clrtext      000000
__Lcomram                         comram       000000
__Lconfig                         config       000000
__Lconst                          const        000000
__LcstackBANK0                    cstackBANK0  000000
__LcstackBANK1                    cstackBANK1  000000
__LcstackCOMRAM                   cstackCOMRAM 000000
__Ldata                           data         000000
__Leeprom_data                    eeprom_data  000000
__Lfarbss                         farbss       000000
__Lfardata                        fardata      000000
__Lheap                           heap         000000
__Libigdata                       ibigdata     000000
__Lidata                          idata        000000
__Lidloc                          idloc        000000
__Lifardata                       ifardata     000000
__Linit                           init         00000E
__Lintcode                        intcode      000008
__Lintcode_body                   intcode_body 000000
__Lintcodelo                      intcodelo    00000E
__Lintentry                       intentry     000000
__Lintret                         intret       000000
__Lintsave_regs                   intsave_regs 000000
__Lirdata                         irdata       000000
__Lmediumconst                    mediumconst  000000
__LnvFARRAM                       nvFARRAM     000000
__Lnvbit                          nvbit        000000
__Lnvrram                         nvrram       000000
__Lparam                          rparam       000000
__Lpowerup                        powerup      00000E
__Lram                            ram          000000
__Lramtop                         ramtop       000600
__Lrbit                           rbit         000000
__Lrbss                           rbss         000000
__Lrdata                          rdata        000000
__Lreset_vec                      reset_vec    000000
__Lrparam                         rparam       000000
__Lsfr                            sfr          000000
__Lsmallconst                     smallconst   000600
__Lspace_0                        (abs)        000000
__Lspace_1                        (abs)        000000
__Lspace_2                        (abs)        000000
__Lspace_4                        (abs)        000000
__Lstack                          stack        000000
__Lstruct                         struct       000000
__Ltemp                           temp         000076
__Ltext                           text         000000
__Ltext0                          text0        000000
__Ltext1                          text1        000000
__Ltext10                         text10       000000
__Ltext11                         text11       000000
__Ltext12                         text12       000000
__Ltext13                         text13       000000
__Ltext14                         text14       000000
__Ltext15                         text15       000000
__Ltext16                         text16       000000
__Ltext17                         text17       000000
__Ltext18                         text18       000000
__Ltext2                          text2        000000
__Ltext20                         text20       000000
__Ltext21                         text21       000000
__Ltext22                         text22       000000
__Ltext23                         text23       000000
__Ltext24                         text24       000000
__Ltext25                         text25       000000
__Ltext26                         text26       000000
__Ltext27                         text27       000000
__Ltext28                         text28       000000
__Ltext29                         text29       000000
__Ltext3                          text3        000000
__Ltext30                         text30       000000
__Ltext31                         text31       000000
__Ltext32                         text32       000000
__Ltext33                         text33       000000
__Ltext34                         text34       000000
__Ltext35                         text35       000000
__Ltext36                         text36       000000
__Ltext37                         text37       000000
__Ltext38                         text38       000000
__Ltext39                         text39       000000
__Ltext4                          text4        000000
__Ltext5                          text5        000000
__Ltext6                          text6        000000
__Ltext7                          text7        000000
__Ltext8                          text8        000000
__Ltext9                          text9        000000
__S0                              (abs)        002212
__S1                              (abs)        00018F
__S4                              (abs)        000000
__S5                              (abs)        000000
___aldiv                          text18       0019CE
___aldiv@counter                  cstackBANK0  0000B4
___aldiv@dividend                 cstackBANK0  0000AC
___aldiv@divisor                  cstackBANK0  0000B0
___aldiv@quotient                 cstackBANK0  0000B6
___aldiv@sign                     cstackBANK0  0000B5
___aodiv                          text14       001174
___aodiv@counter                  cstackBANK0  0000AC
___aodiv@dividend                 cstackBANK1  000100
___aodiv@divisor                  cstackBANK1  000108
___aodiv@quotient                 cstackBANK0  0000AE
___aodiv@sign                     cstackBANK0  0000AD
___aomod                          text13       001566
___aomod@counter                  cstackBANK0  0000AC
___aomod@dividend                 cstackBANK1  000100
___aomod@divisor                  cstackBANK1  000108
___aomod@sign                     cstackBANK0  0000AD
___awdiv                          text39       001D20
___awdiv@counter                  cstackCOMRAM 00000B
___awdiv@dividend                 cstackCOMRAM 000007
___awdiv@divisor                  cstackCOMRAM 000009
___awdiv@quotient                 cstackCOMRAM 00000D
___awdiv@sign                     cstackCOMRAM 00000C
___awmod                          text38       001DA4
___awmod@counter                  cstackCOMRAM 000005
___awmod@dividend                 cstackCOMRAM 000001
___awmod@divisor                  cstackCOMRAM 000003
___awmod@sign                     cstackCOMRAM 000006
___heap_hi                        (abs)        000000
___heap_lo                        (abs)        000000
___inthi_sp                       stack        000000
___intlo_sp                       stack        000000
___param_bank                     (abs)        000000
___rparam_used                    (abs)        000001
___sp                             stack        000000
___wmul                           text37       00218C
___wmul@multiplicand              cstackCOMRAM 000003
___wmul@multiplier                cstackCOMRAM 000001
___wmul@product                   cstackCOMRAM 000005
__accesstop                       (abs)        000080
__activetblptr                    (abs)        000002
__end_of_UART_Init                text17       0017CA
__end_of_UART_Print               text15       001FC8
__end_of_UART_PutC                text16       002202
__end_of___aldiv                  text18       001A9A
__end_of___aodiv                  text14       0012DA
__end_of___aomod                  text13       0016A0
__end_of___awdiv                  text39       001DA4
__end_of___awmod                  text38       001E14
__end_of___wmul                   text37       0021B2
__end_of__initialization          cinit        00217E
__end_of_abs                      text12       0020A8
__end_of_dtoa                     text6        000C4A
__end_of_fputc                    text10       001BE6
__end_of_fputs                    text9        001F42
__end_of_isr                      intcode_body 0009EE
__end_of_main                     text0        001566
__end_of_pad                      text7        001B46
__end_of_putch                    text11       002210
__end_of_sprintf                  text3        001EFC
__end_of_strcat                   text1        0021D4
__end_of_strcpy                   text2        002074
__end_of_strlen                   text8        00213C
__end_of_valor_equivalente        text36       0019CE
__end_of_vfpfcnvrt                text5        001006
__end_of_vfprintf                 text4        001EB2
__end_ofi2_UART_Print             text34       002008
__end_ofi2_UART_PutC              text35       00220E
__end_ofi2___aodiv                text33       001422
__end_ofi2___aomod                text32       0018EE
__end_ofi2_abs                    text31       00210E
__end_ofi2_dtoa                   text25       000E90
__end_ofi2_fputc                  text29       001C86
__end_ofi2_fputs                  text28       002040
__end_ofi2_pad                    text26       001D20
__end_ofi2_putch                  text30       002212
__end_ofi2_sprintf                text22       001F86
__end_ofi2_strcat                 text20       0021F6
__end_ofi2_strcpy                 text21       0020DC
__end_ofi2_strlen                 text27       002166
__end_ofi2_vfpfcnvrt              text24       001174
__end_ofi2_vfprintf               text23       001E64
__initialization                  cinit        002166
__mediumconst                     mediumconst  000000
__pbssBANK0                       bssBANK0     0000BA
__pbssBANK1                       bssBANK1     000165
__pcinit                          cinit        002166
__pcstackBANK0                    cstackBANK0  000080
__pcstackBANK1                    cstackBANK1  000100
__pcstackCOMRAM                   cstackCOMRAM 000001
__pintcode                        intcode      000008
__pintcode_body                   intcode_body 000608
__psmallconst                     smallconst   000600
__ptext0                          text0        001422
__ptext1                          text1        0021B2
__ptext10                         text10       001B46
__ptext11                         text11       00220E
__ptext12                         text12       002074
__ptext13                         text13       001566
__ptext14                         text14       001174
__ptext15                         text15       001F86
__ptext16                         text16       0021F6
__ptext17                         text17       0016A0
__ptext18                         text18       0019CE
__ptext2                          text2        002040
__ptext20                         text20       0021D4
__ptext21                         text21       0020A8
__ptext22                         text22       001F42
__ptext23                         text23       001E14
__ptext24                         text24       001006
__ptext25                         text25       000C4A
__ptext26                         text26       001C86
__ptext27                         text27       00213C
__ptext28                         text28       002008
__ptext29                         text29       001BE6
__ptext3                          text3        001EB2
__ptext30                         text30       002210
__ptext31                         text31       0020DC
__ptext32                         text32       0017CA
__ptext33                         text33       0012DA
__ptext34                         text34       001FC8
__ptext35                         text35       002202
__ptext36                         text36       0018EE
__ptext37                         text37       00218C
__ptext38                         text38       001DA4
__ptext39                         text39       001D20
__ptext4                          text4        001E64
__ptext5                          text5        000E90
__ptext6                          text6        0009EE
__ptext7                          text7        001A9A
__ptext8                          text8        00210E
__ptext9                          text9        001EFC
__ramtop                          ramtop       000600
__smallconst                      smallconst   000600
_abs                              text12       002074
_dbuf                             bssBANK1     00016F
_dig_val                          bssBANK0     0000CC
_dtoa                             text6        0009EE
_dtoa$1121                        cstackBANK1  000122
_flag_MEDIR                       bssBANK1     00016B
_flag_MENSURAR                    bssBANK1     000167
_flag_TARA                        bssBANK1     000169
_flags                            bssBANK0     0000C2
_fputc                            text10       001B46
_fputs                            text9        001EFC
_indice                           bssBANK0     0000D0
_isr                              intcode      000008
_isr$1401                         cstackBANK0  0000A8
_isr$1402                         cstackBANK0  0000AA
_main                             text0        001422
_medindo                          bssBANK0     0000CE
_nout                             bssBANK1     000165
_pad                              text7        001A9A
_prec                             bssBANK0     0000C0
_putch                            text11       00220E
_sprintf                          text3        001EB2
_strcat                           text1        0021B2
_strcpy                           text2        002040
_strlen                           text8        00210E
_tempo_echo                       bssBANK0     0000BA
_valX                             bssBANK0     0000C8
_valY                             bssBANK0     0000C6
_valZ                             bssBANK0     0000C4
_valorAMos                        bssBANK0     0000D2
_valor_display                    bssBANK1     00016D
_valor_equivalente                text36       0018EE
_valor_tara                       bssBANK0     0000CA
_vfpfcnvrt                        text5        000E90
_vfprintf                         text4        001E64
_width                            bssBANK0     0000BE
abs@a                             cstackBANK0  0000AE
btemp                             temp         000076
dtoa@d                            cstackBANK1  000112
dtoa@fp                           cstackBANK1  000110
dtoa@i                            cstackBANK1  000132
dtoa@n                            cstackBANK1  00012A
dtoa@p                            cstackBANK1  000124
dtoa@s                            cstackBANK1  000128
dtoa@w                            cstackBANK1  000126
end_of_initialization             cinit        00217E
fputc@c                           cstackBANK0  0000AC
fputc@fp                          cstackBANK0  0000AE
fputs@c                           cstackBANK1  000100
fputs@fp                          cstackBANK0  0000B7
fputs@i                           cstackBANK1  000101
fputs@s                           cstackBANK0  0000B5
i2UART_Print@data                 cstackCOMRAM 000002
i2UART_Print@i                    cstackCOMRAM 000004
i2UART_PutC@data                  cstackCOMRAM 000001
i2_UART_Print                     text34       001FC8
i2_UART_PutC                      text35       002202
i2___aodiv                        text33       0012DA
i2___aodiv@counter                cstackCOMRAM 000011
i2___aodiv@dividend               cstackCOMRAM 000001
i2___aodiv@divisor                cstackCOMRAM 000009
i2___aodiv@quotient               cstackCOMRAM 000013
i2___aodiv@sign                   cstackCOMRAM 000012
i2___aomod                        text32       0017CA
i2___aomod@counter                cstackCOMRAM 000011
i2___aomod@dividend               cstackCOMRAM 000001
i2___aomod@divisor                cstackCOMRAM 000009
i2___aomod@sign                   cstackCOMRAM 000012
i2_abs                            text31       0020DC
i2_dtoa                           text25       000C4A
i2_dtoa$1121                      cstackCOMRAM 00002E
i2_fputc                          text29       001BE6
i2_fputs                          text28       002008
i2_pad                            text26       001C86
i2_putch                          text30       002210
i2_sprintf                        text22       001F42
i2_strcat                         text20       0021D4
i2_strcpy                         text21       0020A8
i2_strlen                         text27       00213C
i2_vfpfcnvrt                      text24       001006
i2_vfprintf                       text23       001E14
i2abs@a                           cstackCOMRAM 000013
i2dtoa@d                          cstackCOMRAM 00001E
i2dtoa@fp                         cstackCOMRAM 00001C
i2dtoa@i                          cstackCOMRAM 00003E
i2dtoa@n                          cstackCOMRAM 000036
i2dtoa@p                          cstackCOMRAM 000030
i2dtoa@s                          cstackCOMRAM 000034
i2dtoa@w                          cstackCOMRAM 000032
i2fputc@c                         cstackCOMRAM 000001
i2fputc@fp                        cstackCOMRAM 000003
i2fputs@c                         cstackCOMRAM 00000E
i2fputs@fp                        cstackCOMRAM 00000C
i2fputs@i                         cstackCOMRAM 00000F
i2fputs@s                         cstackCOMRAM 00000A
i2pad@buf                         cstackCOMRAM 000013
i2pad@fp                          cstackCOMRAM 000011
i2pad@i                           cstackCOMRAM 000018
i2pad@p                           cstackCOMRAM 000015
i2pad@w                           cstackCOMRAM 00001A
i2sprintf@ap                      cstackCOMRAM 00005B
i2sprintf@f                       cstackCOMRAM 00005D
i2sprintf@fmt                     cstackCOMRAM 000058
i2sprintf@s                       cstackCOMRAM 000056
i2strcat@dest                     cstackCOMRAM 00000C
i2strcat@src                      cstackCOMRAM 00000E
i2strcpy@d                        cstackCOMRAM 000009
i2strcpy@dest                     cstackCOMRAM 000005
i2strcpy@s                        cstackCOMRAM 00000B
i2strcpy@src                      cstackCOMRAM 000007
i2strlen@a                        cstackCOMRAM 000003
i2strlen@s                        cstackCOMRAM 000001
i2vfpfcnvrt@ap                    cstackCOMRAM 000044
i2vfpfcnvrt@fmt                   cstackCOMRAM 000042
i2vfpfcnvrt@fp                    cstackCOMRAM 000040
i2vfpfcnvrt@ll                    cstackCOMRAM 000048
i2vfprintf@ap                     cstackCOMRAM 000053
i2vfprintf@cfmt                   cstackCOMRAM 000055
i2vfprintf@fmt                    cstackCOMRAM 000052
i2vfprintf@fp                     cstackCOMRAM 000050
int$flags                         temp         000076
int_func                          intcode_body 000608
intlevel0                         text         000000
intlevel1                         text         000000
intlevel2                         text         000000
intlevel3                         text         000000
isa$std                           (abs)        000001
isa$xinst                         (abs)        000000
isr@str                           cstackBANK0  000080
isr@str_598                       cstackBANK0  000094
main@str                          cstackBANK1  00015D
pad@buf                           cstackBANK1  000105
pad@fp                            cstackBANK1  000103
pad@i                             cstackBANK1  000109
pad@p                             cstackBANK1  000107
pad@w                             cstackBANK1  00010B
sprintf@ap                        cstackBANK1  00014F
sprintf@f                         cstackBANK1  000151
sprintf@fmt                       cstackBANK1  00014C
sprintf@s                         cstackBANK1  00014A
stackhi                           (abs)        000000
stacklo                           (abs)        000000
start                             init         00000E
start_initialization              cinit        002166
strcat@dest                       cstackBANK0  0000B7
strcat@src                        cstackBANK0  0000B9
strcpy@d                          cstackBANK0  0000B4
strcpy@dest                       cstackBANK0  0000B0
strcpy@s                          cstackBANK0  0000B6
strcpy@src                        cstackBANK0  0000B2
strlen@a                          cstackBANK0  0000AE
strlen@s                          cstackBANK0  0000AC
ttemp5                            temp         000077
ttemp6                            temp         00007A
ttemp7                            temp         00007E
valor_equivalente@correspondencia cstackCOMRAM 000007
valor_equivalente@dig             cstackCOMRAM 000001
valor_equivalente@val             cstackCOMRAM 000003
vfpfcnvrt@ap                      cstackBANK1  000138
vfpfcnvrt@fmt                     cstackBANK1  000136
vfpfcnvrt@fp                      cstackBANK1  000134
vfpfcnvrt@ll                      cstackBANK1  00013C
vfprintf@ap                       cstackBANK1  000147
vfprintf@cfmt                     cstackBANK1  000149
vfprintf@fmt                      cstackBANK1  000146
vfprintf@fp                       cstackBANK1  000144
wtemp8                            temp         000077


MODULE INFORMATION

Module		Function		Class		Link	Load	Size
D:\MPLAB\pic\sources\c99\common\strcpy.c
		_strcpy        		CODE           	2040	0000	52

D:\MPLAB\pic\sources\c99\common\strcpy.c estimated size: 52

D:\MPLAB\pic\sources\c99\common\putch.c
		_putch         		CODE           	220E	0000	2

D:\MPLAB\pic\sources\c99\common\putch.c estimated size: 2

D:\MPLAB\pic\sources\c99\common\abs.c
		_abs           		CODE           	2074	0000	52

D:\MPLAB\pic\sources\c99\common\abs.c estimated size: 52

pwm.c
		_UART_Init     		CODE           	16A0	0000	298
		_main          		CODE           	1422	0000	324
		_UART_Print    		CODE           	1F86	0000	66
		_UART_PutC     		CODE           	21F6	0000	12
		_isr           		CODE           	0008	0000	1004
		_valor_equivalente		CODE           	18EE	0000	224

pwm.c estimated size: 1928

D:\MPLAB\pic\sources\c99\common\aomod.c
		___aomod       		CODE           	1566	0000	314

D:\MPLAB\pic\sources\c99\common\aomod.c estimated size: 314

D:\MPLAB\pic\sources\c99\common\doprnt.c
		_vfpfcnvrt     		CODE           	0E90	0000	374
		_pad           		CODE           	1A9A	0000	172
		_dtoa          		CODE           	09EE	0000	604
		_vfprintf      		CODE           	1E64	0000	78

D:\MPLAB\pic\sources\c99\common\doprnt.c estimated size: 1228

D:\MPLAB\pic\sources\c99\common\nf_fputs.c
		_fputs         		CODE           	1EFC	0000	70

D:\MPLAB\pic\sources\c99\common\nf_fputs.c estimated size: 70

D:\MPLAB\pic\sources\c99\common\Umul16.c
		___wmul        		CODE           	218C	0000	38

D:\MPLAB\pic\sources\c99\common\Umul16.c estimated size: 38

D:\MPLAB\pic\sources\c99\common\awmod.c
		___awmod       		CODE           	1DA4	0000	112

D:\MPLAB\pic\sources\c99\common\awmod.c estimated size: 112

shared
		i2_strcat      		CODE           	21D4	0000	34
		i2_vfpfcnvrt   		CODE           	1006	0000	366
		i2_pad         		CODE           	1C86	0000	154
		i2_abs         		CODE           	20DC	0000	50
		i2_putch       		CODE           	2210	0000	2
		i2_vfprintf    		CODE           	1E14	0000	80
		i2_UART_PutC   		CODE           	2202	0000	12
		i2_strcpy      		CODE           	20A8	0000	52
		i2_UART_Print  		CODE           	1FC8	0000	64
		i2_dtoa        		CODE           	0C4A	0000	582
		__initialization		CODE           	2166	0000	24
		i2___aodiv     		CODE           	12DA	0000	328
		i2_sprintf     		CODE           	1F42	0000	68
		i2___aomod     		CODE           	17CA	0000	292
		i2_fputc       		CODE           	1BE6	0000	160
		i2_fputs       		CODE           	2008	0000	56
		i2_strlen      		CODE           	213C	0000	42

shared estimated size: 2366

D:\MPLAB\pic\sources\c99\common\aodiv.c
		___aodiv       		CODE           	1174	0000	358

D:\MPLAB\pic\sources\c99\common\aodiv.c estimated size: 358

D:\MPLAB\pic\sources\c99\common\strcat.c
		_strcat        		CODE           	21B2	0000	34

D:\MPLAB\pic\sources\c99\common\strcat.c estimated size: 34

D:\MPLAB\pic\sources\c99\common\nf_fputc.c
		_fputc         		CODE           	1B46	0000	160

D:\MPLAB\pic\sources\c99\common\nf_fputc.c estimated size: 160

D:\MPLAB\pic\sources\c99\common\awdiv.c
		___awdiv       		CODE           	1D20	0000	132

D:\MPLAB\pic\sources\c99\common\awdiv.c estimated size: 132

D:\MPLAB\pic\sources\c99\common\aldiv.c
		___aldiv       		CODE           	19CE	0000	204

D:\MPLAB\pic\sources\c99\common\aldiv.c estimated size: 204

D:\MPLAB\pic\sources\c99\common\nf_sprintf.c
		_sprintf       		CODE           	1EB2	0000	74

D:\MPLAB\pic\sources\c99\common\nf_sprintf.c estimated size: 74

D:\MPLAB\pic\sources\c99\common\strlen.c
		_strlen        		CODE           	210E	0000	46

D:\MPLAB\pic\sources\c99\common\strlen.c estimated size: 46

